// Jest Snapshot v1, https://goo.gl/fbAQLP

exports[`src func list export modules correctly 1`] = `
Array [
  "filterParams",
  "paramToObj",
  "queryString",
  "beNaN",
  "isArray",
  "isLength",
  "isNull",
  "isNumber",
  "isObject",
  "isString",
  "isUndefined",
  "maxArrNum",
  "minArrNum",
  "uniqueArray",
  "isRepeatArray",
  "arrayToTree",
  "arrayTreeCallBack",
  "deepCopy",
  "filter",
  "getNodeByKeyValues",
  "sortTree",
  "debounce",
  "downloadLink",
  "drawLineArrow",
  "antdFormFormat",
  "btSize",
  "formatDate",
  "numpoints",
  "emptyObj",
  "isEquivalentObj",
]
`;
